------- FILE bomber.asm LEVEL 1 PASS 2
      1  fffe					      processor	6502
      2  10000 ????
      3  10000 ????						;;;;;;;;;;;;;;;;;;;;;;;;;;;;;;;;;;;;;;;;;;;;;;;;;;;;;;;;;;;;;;;;;;;;;;;;;;;;;;;
      4  10000 ????						;; Include required files with VCS register memory mapping and macros
      5  10000 ????						;;;;;;;;;;;;;;;;;;;;;;;;;;;;;;;;;;;;;;;;;;;;;;;;;;;;;;;;;;;;;;;;;;;;;;;;;;;;;;;
------- FILE vcs.h LEVEL 2 PASS 2
      0  10000 ????				       include	"vcs.h"
      1  10000 ????						; VCS.H
      2  10000 ????						; Version 1.05, 13/November/2003
      3  10000 ????
      4  10000 ????		00 69	    VERSION_VCS =	105
      5  10000 ????
      6  10000 ????						; THIS IS A PRELIMINARY RELEASE OF *THE* "STANDARD" VCS.H
      7  10000 ????						; THIS FILE IS EXPLICITLY SUPPORTED AS A DASM-PREFERRED COMPANION FILE
      8  10000 ????						; PLEASE DO *NOT* REDISTRIBUTE THIS FILE!
      9  10000 ????						;
     10  10000 ????						; This file defines hardware registers and memory mapping for the
     11  10000 ????						; Atari 2600. It is distributed as a companion machine-specific support package
     12  10000 ????						; for the DASM compiler. Updates to this file, DASM, and associated tools are
     13  10000 ????						; available at at http://www.atari2600.org/dasm
     14  10000 ????						;
     15  10000 ????						; Many thanks to the original author(s) of this file, and to everyone who has
     16  10000 ????						; contributed to understanding the Atari 2600.  If you take issue with the
     17  10000 ????						; contents, or naming of registers, please write to me (atari2600@taswegian.com)
     18  10000 ????						; with your views.  Please contribute, if you think you can improve this
     19  10000 ????						; file!
     20  10000 ????						;
     21  10000 ????						; Latest Revisions...
     22  10000 ????						; 1.05  13/NOV/2003	  - Correction to 1.04 - now functions as requested by MR.
     23  10000 ????						;			  - Added VERSION_VCS equate (which will reflect 100x version #)
     24  10000 ????						;			    This will allow conditional code to verify VCS.H being
     25  10000 ????						;			    used for code assembly.
     26  10000 ????						; 1.04  12/NOV/2003	 Added TIA_BASE_WRITE_ADDRESS and TIA_BASE_READ_ADDRESS for
     27  10000 ????						;			 convenient disassembly/reassembly compatibility for hardware
     28  10000 ????						;			 mirrored reading/writing differences.	This is more a 
     29  10000 ????						;			 readability issue, and binary compatibility with disassembled
     30  10000 ????						;			 and reassembled sources.  Per Manuel Rotschkar's suggestion.
     31  10000 ????						; 1.03  12/MAY/2003	 Added SEG segment at end of file to fix old-code compatibility
     32  10000 ????						;			 which was broken by the use of segments in this file, as
     33  10000 ????						;			 reported by Manuel Polik on [stella] 11/MAY/2003
     34  10000 ????						; 1.02  22/MAR/2003	 Added TIMINT($285)
     35  10000 ????						; 1.01				Constant offset added to allow use for 3F-style bankswitching
     36  10000 ????						;						 - define TIA_BASE_ADDRESS as $40 for Tigervision carts, otherwise
     37  10000 ????						;						   it is safe to leave it undefined, and the base address will
     38  10000 ????						;						   be set to 0.  Thanks to Eckhard Stolberg for the suggestion.
     39  10000 ????						;			    Note, may use -DLABEL=EXPRESSION to define TIA_BASE_ADDRESS
     40  10000 ????						;			  - register definitions are now generated through assignment
     41  10000 ????						;			    in uninitialised segments.	This allows a changeable base
     42  10000 ????						;			    address architecture.
     43  10000 ????						; 1.0	22/MAR/2003		Initial release
     44  10000 ????
     45  10000 ????
     46  10000 ????						;-------------------------------------------------------------------------------
     47  10000 ????
     48  10000 ????						; TIA_BASE_ADDRESS
     49  10000 ????						; The TIA_BASE_ADDRESS defines the base address of access to TIA registers.
     50  10000 ????						; Normally 0, the base address should (externally, before including this file)
     51  10000 ????						; be set to $40 when creating 3F-bankswitched (and other?) cartridges.
     52  10000 ????						; The reason is that this bankswitching scheme treats any access to locations
     53  10000 ????						; < $40 as a bankswitch.
     54  10000 ????
     55  10000 ????			   -	       IFNCONST	TIA_BASE_ADDRESS
     56  10000 ????			   -TIA_BASE_ADDRESS =	0
     57  10000 ????				       ENDIF
     58  10000 ????
     59  10000 ????						; Note: The address may be defined on the command-line using the -D switch, eg:
     60  10000 ????						; dasm.exe code.asm -DTIA_BASE_ADDRESS=$40 -f3 -v5 -ocode.bin
     61  10000 ????						; *OR* by declaring the label before including this file, eg:
     62  10000 ????						; TIA_BASE_ADDRESS = $40
     63  10000 ????						;   include "vcs.h"
     64  10000 ????
     65  10000 ????						; Alternate read/write address capability - allows for some disassembly compatibility
     66  10000 ????						; usage ; to allow reassembly to binary perfect copies).  This is essentially catering
     67  10000 ????						; for the mirrored ROM hardware registers.
     68  10000 ????
     69  10000 ????						; Usage: As per above, define the TIA_BASE_READ_ADDRESS and/or TIA_BASE_WRITE_ADDRESS
     70  10000 ????						; using the -D command-line switch, as required.  If the addresses are not defined, 
     71  10000 ????						; they defaut to the TIA_BASE_ADDRESS.
     72  10000 ????
     73  10000 ????			   -	       IFNCONST	TIA_BASE_READ_ADDRESS
     74  10000 ????			   -TIA_BASE_READ_ADDRESS =	TIA_BASE_ADDRESS
     75  10000 ????				       ENDIF
     76  10000 ????
     77  10000 ????			   -	       IFNCONST	TIA_BASE_WRITE_ADDRESS
     78  10000 ????			   -TIA_BASE_WRITE_ADDRESS =	TIA_BASE_ADDRESS
     79  10000 ????				       ENDIF
     80  10000 ????
     81  10000 ????						;-------------------------------------------------------------------------------
     82  10000 ????
     83 U002d ????				      SEG.U	TIA_REGISTERS_WRITE
     84 U0000					      ORG	TIA_BASE_WRITE_ADDRESS
     85 U0000
     86 U0000							; DO NOT CHANGE THE RELATIVE ORDERING OF REGISTERS!
     87 U0000
     88 U0000		       00	   VSYNC      ds	1	; $00	 0000 00x0   Vertical Sync Set-Clear
     89 U0001		       00	   VBLANK     ds	1	; $01	 xx00 00x0   Vertical Blank Set-Clear
     90 U0002		       00	   WSYNC      ds	1	; $02	 ---- ----   Wait for Horizontal Blank
     91 U0003		       00	   RSYNC      ds	1	; $03	 ---- ----   Reset Horizontal Sync Counter
     92 U0004		       00	   NUSIZ0     ds	1	; $04	 00xx 0xxx   Number-Size player/missle 0
     93 U0005		       00	   NUSIZ1     ds	1	; $05	 00xx 0xxx   Number-Size player/missle 1
     94 U0006		       00	   COLUP0     ds	1	; $06	 xxxx xxx0   Color-Luminance Player 0
     95 U0007		       00	   COLUP1     ds	1	; $07	 xxxx xxx0   Color-Luminance Player 1
     96 U0008		       00	   COLUPF     ds	1	; $08	 xxxx xxx0   Color-Luminance Playfield
     97 U0009		       00	   COLUBK     ds	1	; $09	 xxxx xxx0   Color-Luminance Background
     98 U000a		       00	   CTRLPF     ds	1	; $0A	 00xx 0xxx   Control Playfield, Ball, Collisions
     99 U000b		       00	   REFP0      ds	1	; $0B	 0000 x000   Reflection Player 0
    100 U000c		       00	   REFP1      ds	1	; $0C	 0000 x000   Reflection Player 1
    101 U000d		       00	   PF0	      ds	1	; $0D	 xxxx 0000   Playfield Register Byte 0
    102 U000e		       00	   PF1	      ds	1	; $0E	 xxxx xxxx   Playfield Register Byte 1
    103 U000f		       00	   PF2	      ds	1	; $0F	 xxxx xxxx   Playfield Register Byte 2
    104 U0010		       00	   RESP0      ds	1	; $10	 ---- ----   Reset Player 0
    105 U0011		       00	   RESP1      ds	1	; $11	 ---- ----   Reset Player 1
    106 U0012		       00	   RESM0      ds	1	; $12	 ---- ----   Reset Missle 0
    107 U0013		       00	   RESM1      ds	1	; $13	 ---- ----   Reset Missle 1
    108 U0014		       00	   RESBL      ds	1	; $14	 ---- ----   Reset Ball
    109 U0015		       00	   AUDC0      ds	1	; $15	 0000 xxxx   Audio Control 0
    110 U0016		       00	   AUDC1      ds	1	; $16	 0000 xxxx   Audio Control 1
    111 U0017		       00	   AUDF0      ds	1	; $17	 000x xxxx   Audio Frequency 0
    112 U0018		       00	   AUDF1      ds	1	; $18	 000x xxxx   Audio Frequency 1
    113 U0019		       00	   AUDV0      ds	1	; $19	 0000 xxxx   Audio Volume 0
    114 U001a		       00	   AUDV1      ds	1	; $1A	 0000 xxxx   Audio Volume 1
    115 U001b		       00	   GRP0       ds	1	; $1B	 xxxx xxxx   Graphics Register Player 0
    116 U001c		       00	   GRP1       ds	1	; $1C	 xxxx xxxx   Graphics Register Player 1
    117 U001d		       00	   ENAM0      ds	1	; $1D	 0000 00x0   Graphics Enable Missle 0
    118 U001e		       00	   ENAM1      ds	1	; $1E	 0000 00x0   Graphics Enable Missle 1
    119 U001f		       00	   ENABL      ds	1	; $1F	 0000 00x0   Graphics Enable Ball
    120 U0020		       00	   HMP0       ds	1	; $20	 xxxx 0000   Horizontal Motion Player 0
    121 U0021		       00	   HMP1       ds	1	; $21	 xxxx 0000   Horizontal Motion Player 1
    122 U0022		       00	   HMM0       ds	1	; $22	 xxxx 0000   Horizontal Motion Missle 0
    123 U0023		       00	   HMM1       ds	1	; $23	 xxxx 0000   Horizontal Motion Missle 1
    124 U0024		       00	   HMBL       ds	1	; $24	 xxxx 0000   Horizontal Motion Ball
    125 U0025		       00	   VDELP0     ds	1	; $25	 0000 000x   Vertical Delay Player 0
    126 U0026		       00	   VDELP1     ds	1	; $26	 0000 000x   Vertical Delay Player 1
    127 U0027		       00	   VDELBL     ds	1	; $27	 0000 000x   Vertical Delay Ball
    128 U0028		       00	   RESMP0     ds	1	; $28	 0000 00x0   Reset Missle 0 to Player 0
    129 U0029		       00	   RESMP1     ds	1	; $29	 0000 00x0   Reset Missle 1 to Player 1
    130 U002a		       00	   HMOVE      ds	1	; $2A	 ---- ----   Apply Horizontal Motion
    131 U002b		       00	   HMCLR      ds	1	; $2B	 ---- ----   Clear Horizontal Move Registers
    132 U002c		       00	   CXCLR      ds	1	; $2C	 ---- ----   Clear Collision Latches
    133 U002d
    134 U002d							;-------------------------------------------------------------------------------
    135 U002d
    136 U000e ????				      SEG.U	TIA_REGISTERS_READ
    137 U0000					      ORG	TIA_BASE_READ_ADDRESS
    138 U0000
    139 U0000							;											bit 7	 bit 6
    140 U0000		       00	   CXM0P      ds	1	; $00	     xx00 0000	     Read Collision  M0-P1   M0-P0
    141 U0001		       00	   CXM1P      ds	1	; $01	     xx00 0000			     M1-P0   M1-P1
    142 U0002		       00	   CXP0FB     ds	1	; $02	     xx00 0000			     P0-PF   P0-BL
    143 U0003		       00	   CXP1FB     ds	1	; $03	     xx00 0000			     P1-PF   P1-BL
    144 U0004		       00	   CXM0FB     ds	1	; $04	     xx00 0000			     M0-PF   M0-BL
    145 U0005		       00	   CXM1FB     ds	1	; $05	     xx00 0000			     M1-PF   M1-BL
    146 U0006		       00	   CXBLPF     ds	1	; $06	     x000 0000			     BL-PF   -----
    147 U0007		       00	   CXPPMM     ds	1	; $07	     xx00 0000			     P0-P1   M0-M1
    148 U0008		       00	   INPT0      ds	1	; $08	     x000 0000	     Read Pot Port 0
    149 U0009		       00	   INPT1      ds	1	; $09	     x000 0000	     Read Pot Port 1
    150 U000a		       00	   INPT2      ds	1	; $0A	     x000 0000	     Read Pot Port 2
    151 U000b		       00	   INPT3      ds	1	; $0B	     x000 0000	     Read Pot Port 3
    152 U000c		       00	   INPT4      ds	1	; $0C		x000 0000	 Read Input (Trigger) 0
    153 U000d		       00	   INPT5      ds	1	; $0D		x000 0000	 Read Input (Trigger) 1
    154 U000e
    155 U000e							;-------------------------------------------------------------------------------
    156 U000e
    157 U0298 ????				      SEG.U	RIOT
    158 U0280					      ORG	$280
    159 U0280
    160 U0280							; RIOT MEMORY MAP
    161 U0280
    162 U0280		       00	   SWCHA      ds	1	; $280      Port A data register for joysticks:
    163 U0281							;			Bits 4-7 for player 1.  Bits 0-3 for player 2.
    164 U0281
    165 U0281		       00	   SWACNT     ds	1	; $281      Port A data direction register (DDR)
    166 U0282		       00	   SWCHB      ds	1	; $282		Port B data (console switches)
    167 U0283		       00	   SWBCNT     ds	1	; $283      Port B DDR
    168 U0284		       00	   INTIM      ds	1	; $284		Timer output
    169 U0285
    170 U0285		       00	   TIMINT     ds	1	; $285
    171 U0286
    172 U0286							; Unused/undefined registers ($285-$294)
    173 U0286
    174 U0286		       00		      ds	1	; $286
    175 U0287		       00		      ds	1	; $287
    176 U0288		       00		      ds	1	; $288
    177 U0289		       00		      ds	1	; $289
    178 U028a		       00		      ds	1	; $28A
    179 U028b		       00		      ds	1	; $28B
    180 U028c		       00		      ds	1	; $28C
    181 U028d		       00		      ds	1	; $28D
    182 U028e		       00		      ds	1	; $28E
    183 U028f		       00		      ds	1	; $28F
    184 U0290		       00		      ds	1	; $290
    185 U0291		       00		      ds	1	; $291
    186 U0292		       00		      ds	1	; $292
    187 U0293		       00		      ds	1	; $293
    188 U0294
    189 U0294		       00	   TIM1T      ds	1	; $294		set 1 clock interval
    190 U0295		       00	   TIM8T      ds	1	; $295      set 8 clock interval
    191 U0296		       00	   TIM64T     ds	1	; $296      set 64 clock interval
    192 U0297		       00	   T1024T     ds	1	; $297      set 1024 clock interval
    193 U0298
    194 U0298							;-------------------------------------------------------------------------------
    195 U0298							; The following required for back-compatibility with code which does not use
    196 U0298							; segments.
    197 U0298
    198  0000 ????				      SEG
    199  0000 ????
    200  0000 ????						; EOF
------- FILE bomber.asm
------- FILE macro.h LEVEL 2 PASS 2
      0  0000 ????				      include	"macro.h"
      1  0000 ????						; MACRO.H
      2  0000 ????						; Version 1.06, 3/SEPTEMBER/2004
      3  0000 ????
      4  0000 ????	       00 6a	   VERSION_MACRO =	106
      5  0000 ????
      6  0000 ????						;
      7  0000 ????						; THIS FILE IS EXPLICITLY SUPPORTED AS A DASM-PREFERRED COMPANION FILE
      8  0000 ????						; PLEASE DO *NOT* REDISTRIBUTE MODIFIED VERSIONS OF THIS FILE!
      9  0000 ????						;
     10  0000 ????						; This file defines DASM macros useful for development for the Atari 2600.
     11  0000 ????						; It is distributed as a companion machine-specific support package
     12  0000 ????						; for the DASM compiler. Updates to this file, DASM, and associated tools are
     13  0000 ????						; available at at http://www.atari2600.org/dasm
     14  0000 ????						;
     15  0000 ????						; Many thanks to the people who have contributed.  If you take issue with the
     16  0000 ????						; contents, or would like to add something, please write to me
     17  0000 ????						; (atari2600@taswegian.com) with your contribution.
     18  0000 ????						;
     19  0000 ????						; Latest Revisions...
     20  0000 ????						;
     21  0000 ????						; 1.06  03/SEP/2004	 - nice revision of VERTICAL_BLANK (Edwin Blink)
     22  0000 ????						; 1.05  14/NOV/2003	 - Added VERSION_MACRO equate (which will reflect 100x version #)
     23  0000 ????						;			   This will allow conditional code to verify MACRO.H being
     24  0000 ????						;			   used for code assembly.
     25  0000 ????						; 1.04  13/NOV/2003	 - SET_POINTER macro added (16-bit address load)
     26  0000 ????						;
     27  0000 ????						; 1.03  23/JUN/2003	 - CLEAN_START macro added - clears TIA, RAM, registers
     28  0000 ????						;
     29  0000 ????						; 1.02  14/JUN/2003	 - VERTICAL_SYNC macro added
     30  0000 ????						;			   (standardised macro for vertical synch code)
     31  0000 ????						; 1.01  22/MAR/2003	 - SLEEP macro added. 
     32  0000 ????						;			 - NO_ILLEGAL_OPCODES switch implemented
     33  0000 ????						; 1.0	22/MAR/2003		Initial release
     34  0000 ????
     35  0000 ????						; Note: These macros use illegal opcodes.  To disable illegal opcode usage, 
     36  0000 ????						;   define the symbol NO_ILLEGAL_OPCODES (-DNO_ILLEGAL_OPCODES=1 on command-line).
     37  0000 ????						;   If you do not allow illegal opcode usage, you must include this file 
     38  0000 ????						;   *after* including VCS.H (as the non-illegal opcodes access hardware
     39  0000 ????						;   registers and require them to be defined first).
     40  0000 ????
     41  0000 ????						; Available macros...
     42  0000 ????						;   SLEEP n		 - sleep for n cycles
     43  0000 ????						;   VERTICAL_SYNC	 - correct 3 scanline vertical synch code
     44  0000 ????						;   CLEAN_START	 - set machine to known state on startup
     45  0000 ????						;   SET_POINTER	 - load a 16-bit absolute to a 16-bit variable
     46  0000 ????
     47  0000 ????						;-------------------------------------------------------------------------------
     48  0000 ????						; SLEEP duration
     49  0000 ????						; Original author: Thomas Jentzsch
     50  0000 ????						; Inserts code which takes the specified number of cycles to execute.	This is
     51  0000 ????						; useful for code where precise timing is required.
     52  0000 ????						; ILLEGAL-OPCODE VERSION DOES NOT AFFECT FLAGS OR REGISTERS.
     53  0000 ????						; LEGAL OPCODE VERSION MAY AFFECT FLAGS
     54  0000 ????						; Uses illegal opcode (DASM 2.20.01 onwards).
     55  0000 ????
     56  0000 ????				      MAC	sleep
     57  0000 ????			   .CYCLES    SET	{1}
     58  0000 ????
     59  0000 ????				      IF	.CYCLES < 2
     60  0000 ????				      ECHO	"MACRO ERROR: 'SLEEP': Duration must be > 1"
     61  0000 ????				      ERR
     62  0000 ????				      ENDIF
     63  0000 ????
     64  0000 ????				      IF	.CYCLES & 1
     65  0000 ????				      IFNCONST	NO_ILLEGAL_OPCODES
     66  0000 ????				      nop	0
     67  0000 ????				      ELSE
     68  0000 ????				      bit	VSYNC
     69  0000 ????				      ENDIF
     70  0000 ????			   .CYCLES    SET	.CYCLES - 3
     71  0000 ????				      ENDIF
     72  0000 ????
     73  0000 ????				      REPEAT	.CYCLES / 2
     74  0000 ????				      nop
     75  0000 ????				      REPEND
     76  0000 ????				      ENDM		;usage: SLEEP n (n>1)
     77  0000 ????
     78  0000 ????						;-------------------------------------------------------------------------------
     79  0000 ????						; VERTICAL_SYNC
     80  0000 ????						; revised version by Edwin Blink -- saves bytes!
     81  0000 ????						; Inserts the code required for a proper 3 scanline vertical sync sequence
     82  0000 ????						; Note: Alters the accumulator
     83  0000 ????
     84  0000 ????						; OUT: A = 0
     85  0000 ????
     86  0000 ????				      MAC	vertical_sync
     87  0000 ????				      lda	#%1110	; each '1' bits generate a VSYNC ON line (bits 1..3)
     88  0000 ????			   .VSLP1     sta	WSYNC	; 1st '0' bit resets Vsync, 2nd '0' bit exit loop
     89  0000 ????				      sta	VSYNC
     90  0000 ????				      lsr
     91  0000 ????				      bne	.VSLP1	; branch until VYSNC has been reset
     92  0000 ????				      ENDM
     93  0000 ????
     94  0000 ????						;-------------------------------------------------------------------------------
     95  0000 ????						; CLEAN_START
     96  0000 ????						; Original author: Andrew Davie
     97  0000 ????						; Standardised start-up code, clears stack, all TIA registers and RAM to 0
     98  0000 ????						; Sets stack pointer to $FF, and all registers to 0
     99  0000 ????						; Sets decimal mode off, sets interrupt flag (kind of un-necessary)
    100  0000 ????						; Use as very first section of code on boot (ie: at reset)
    101  0000 ????						; Code written to minimise total ROM usage - uses weird 6502 knowledge :)
    102  0000 ????
    103  0000 ????				      MAC	clean_start
    104  0000 ????				      sei
    105  0000 ????				      cld
    106  0000 ????
    107  0000 ????				      ldx	#0
    108  0000 ????				      txa
    109  0000 ????				      tay
    110  0000 ????			   .CLEAR_STACK dex
    111  0000 ????				      txs
    112  0000 ????				      pha
    113  0000 ????				      bne	.CLEAR_STACK	; SP=$FF, X = A = Y = 0
    114  0000 ????
    115  0000 ????				      ENDM
    116  0000 ????
    117  0000 ????						;-------------------------------------------------------
    118  0000 ????						; SET_POINTER
    119  0000 ????						; Original author: Manuel Rotschkar
    120  0000 ????						;
    121  0000 ????						; Sets a 2 byte RAM pointer to an absolute address.
    122  0000 ????						;
    123  0000 ????						; Usage: SET_POINTER pointer, address
    124  0000 ????						; Example: SET_POINTER SpritePTR, SpriteData
    125  0000 ????						;
    126  0000 ????						; Note: Alters the accumulator, NZ flags
    127  0000 ????						; IN 1: 2 byte RAM location reserved for pointer
    128  0000 ????						; IN 2: absolute address
    129  0000 ????
    130  0000 ????				      MAC	set_pointer
    131  0000 ????			   .POINTER   SET	{1}
    132  0000 ????			   .ADDRESS   SET	{2}
    133  0000 ????
    134  0000 ????				      LDA	#<.ADDRESS	; Get Lowbyte of Address
    135  0000 ????				      STA	.POINTER	; Store in pointer
    136  0000 ????				      LDA	#>.ADDRESS	; Get Hibyte of Address
    137  0000 ????				      STA	.POINTER+1	; Store in pointer+1
    138  0000 ????
    139  0000 ????				      ENDM
    140  0000 ????
    141  0000 ????						;-------------------------------------------------------
    142  0000 ????						; BOUNDARY byte#
    143  0000 ????						; Original author: Denis Debro (borrowed from Bob Smith / Thomas)
    144  0000 ????						;
    145  0000 ????						; Push data to a certain position inside a page and keep count of how
    146  0000 ????						; many free bytes the programmer will have.
    147  0000 ????						;
    148  0000 ????						; eg: BOUNDARY 5    ; position at byte #5 in page
    149  0000 ????
    150  0000 ????			   .FREE_BYTES SET	0
    151  0000 ????				      MAC	boundary
    152  0000 ????				      REPEAT	256
    153  0000 ????				      IF	<. % {1} = 0
    154  0000 ????				      MEXIT
    155  0000 ????				      ELSE
    156  0000 ????			   .FREE_BYTES SET	.FREE_BYTES + 1
    157  0000 ????				      .byte	$00
    158  0000 ????				      ENDIF
    159  0000 ????				      REPEND
    160  0000 ????				      ENDM
    161  0000 ????
    162  0000 ????
    163  0000 ????						; EOF
------- FILE bomber.asm
      8  0000 ????
      9  0000 ????						;;;;;;;;;;;;;;;;;;;;;;;;;;;;;;;;;;;;;;;;;;;;;;;;;;;;;;;;;;;;;;;;;;;;;;;;;;;;;;;
     10  0000 ????						;; Declare the variables starting from memory address $80
     11  0000 ????						;;;;;;;;;;;;;;;;;;;;;;;;;;;;;;;;;;;;;;;;;;;;;;;;;;;;;;;;;;;;;;;;;;;;;;;;;;;;;;;
     12 U008d ????				      seg.u	Variables
     13 U0080					      org	$80
     14 U0080
     15 U0080		       00	   JetXPos    byte.b		; player0 x-position
     16 U0081		       00	   JetYPos    byte.b		; player0 y-position
     17 U0082		       00	   BomberXPos byte.b		; player1 x-position (enemy)
     18 U0083		       00	   BomberYPos byte.b		; player1 y-position (enemy)
     19 U0084		       00 00	   JetSpritePtr word.w		; pointer to player0 sprite lookup table
     20 U0086		       00 00	   JetColorPtr word.w		; pointer to player0 color lookup table
     21 U0088		       00 00	   BomberSpritePtr word.w		; pointer to player1 sprite lookup table
     22 U008a		       00 00	   BomberColorPtr word.w		; pointer to player1 color lookup table
     23 U008c		       00	   JetAnimOffset byte.b		; player0 frame offset for sprite animation
     24 U008d
     25 U008d							;;;;;;;;;;;;;;;;;;;;;;;;;;;;;;;;;;;;;;;;;;;;;;;;;;;;;;;;;;;;;;;;;;;;;;;;;;;;;;;
     26 U008d							;; Define constants
     27 U008d							;;;;;;;;;;;;;;;;;;;;;;;;;;;;;;;;;;;;;;;;;;;;;;;;;;;;;;;;;;;;;;;;;;;;;;;;;;;;;;;
     28 U008d		       00 09	   JET_HEIGHT =	9	; player0 sprite height (# rows in lookup table)
     29 U008d		       00 09	   BOMBER_HEIGHT =	9	; player1 sprite height (# rows in lookup table)
     30 U008d
     31 U008d							;;;;;;;;;;;;;;;;;;;;;;;;;;;;;;;;;;;;;;;;;;;;;;;;;;;;;;;;;;;;;;;;;;;;;;;;;;;;;;;
     32 U008d							;; Start our ROM code at memory address $F000
     33 U008d							;;;;;;;;;;;;;;;;;;;;;;;;;;;;;;;;;;;;;;;;;;;;;;;;;;;;;;;;;;;;;;;;;;;;;;;;;;;;;;;
     34  10000 ????				       seg	Code
     35  f000					      org	$F000
     36  f000
     37  f000				   Reset
      0  f000					      CLEAN_START		; call macro to reset memory and registers
      1  f000		       78		      sei
      2  f001		       d8		      cld
      3  f002
      4  f002		       a2 00		      ldx	#0
      5  f004		       8a		      txa
      6  f005		       a8		      tay
      7  f006		       ca	   .CLEAR_STACK dex
      8  f007		       9a		      txs
      9  f008		       48		      pha
     10  f009		       d0 fb		      bne	.CLEAR_STACK
     11  f00b
     39  f00b
     40  f00b							;;;;;;;;;;;;;;;;;;;;;;;;;;;;;;;;;;;;;;;;;;;;;;;;;;;;;;;;;;;;;;;;;;;;;;;;;;;;;;;
     41  f00b							;; Initialize RAM variables and TIA registers
     42  f00b							;;;;;;;;;;;;;;;;;;;;;;;;;;;;;;;;;;;;;;;;;;;;;;;;;;;;;;;;;;;;;;;;;;;;;;;;;;;;;;;
     43  f00b		       a9 0a		      lda	#10
     44  f00d		       85 81		      sta	JetYPos	; JetYPos = 10
     45  f00f		       a9 00		      lda	#0
     46  f011		       85 80		      sta	JetXPos	; JetXPos = 0
     47  f013		       a9 53		      lda	#83
     48  f015		       85 83		      sta	BomberYPos	; BomberYPos = 83
     49  f017		       a9 36		      lda	#54
     50  f019		       85 82		      sta	BomberXPos	; BomberXPos = 54
     51  f01b
     52  f01b							;;;;;;;;;;;;;;;;;;;;;;;;;;;;;;;;;;;;;;;;;;;;;;;;;;;;;;;;;;;;;;;;;;;;;;;;;;;;;;;;;;;;;;;;;;
     53  f01b							;; Initialize pointers to the correct lookup table addresses (little endian arquitecture)
     54  f01b							;;;;;;;;;;;;;;;;;;;;;;;;;;;;;;;;;;;;;;;;;;;;;;;;;;;;;;;;;;;;;;;;;;;;;;;;;;;;;;;;;;;;;;;;;;
     55  f01b		       a9 8a		      lda	#<JetSprite
     56  f01d		       85 84		      sta	JetSpritePtr	; lo-byte pointer for jet sprite lookup table
     57  f01f		       a9 f1		      lda	#>JetSprite
     58  f021		       85 85		      sta	JetSpritePtr+1	; hi-byte pointer for jet sprite lookup table
     59  f023
     60  f023		       a9 a5		      lda	#<JetColor
     61  f025		       85 86		      sta	JetColorPtr	; lo-byte pointer for jet color lookup table
     62  f027		       a9 f1		      lda	#>JetColor
     63  f029		       85 87		      sta	JetColorPtr+1	; hi-byte pointer for jet color lookup table
     64  f02b
     65  f02b		       a9 9c		      lda	#<BomberSprite
     66  f02d		       85 88		      sta	BomberSpritePtr	; lo-byte pointer for enemy sprite lookup table
     67  f02f		       a9 f1		      lda	#>BomberSprite
     68  f031		       85 89		      sta	BomberSpritePtr+1	; hi-byte pointer for enemy sprite lookup table
     69  f033
     70  f033		       a9 b7		      lda	#<BomberColor
     71  f035		       85 8a		      sta	BomberColorPtr	; lo-byte pointer for enemy color lookup table
     72  f037		       a9 f1		      lda	#>BomberColor
     73  f039		       85 8b		      sta	BomberColorPtr+1	; hi-byte pointer for enemy color lookup table
     74  f03b
     75  f03b							;;;;;;;;;;;;;;;;;;;;;;;;;;;;;;;;;;;;;;;;;;;;;;;;;;;;;;;;;;;;;;;;;;;;;;;;;;;;;;;
     76  f03b							;; Start the main display loop and frame rendering
     77  f03b							;;;;;;;;;;;;;;;;;;;;;;;;;;;;;;;;;;;;;;;;;;;;;;;;;;;;;;;;;;;;;;;;;;;;;;;;;;;;;;;
     78  f03b				   StartFrame
     79  f03b
     80  f03b							;;;;;;;;;;;;;;;;;;;;;;;;;;;;;;;;;;;;;;;;;;;;;;;;;;;;;;;;;;;;;;;;;;;;;;;;;;;;;;;
     81  f03b							;; Calculations and tasks performed in the pre-VBlank
     82  f03b							;;;;;;;;;;;;;;;;;;;;;;;;;;;;;;;;;;;;;;;;;;;;;;;;;;;;;;;;;;;;;;;;;;;;;;;;;;;;;;;
     83  f03b		       a5 80		      lda	JetXPos
     84  f03d		       a0 00		      ldy	#0
     85  f03f		       20 76 f1 	      jsr	SetObjectXPos	; set player0 horizontal position <jump subroutine>
     86  f042
     87  f042		       a5 82		      lda	BomberXPos
     88  f044		       a0 01		      ldy	#1
     89  f046		       20 76 f1 	      jsr	SetObjectXPos	; set player1 horizontal position <jump subroutine>
     90  f049
     91  f049		       85 02		      sta	WSYNC
     92  f04b		       85 2a		      sta	HMOVE	; apply the horizontal offsets previously set
     93  f04d
     94  f04d							;;;;;;;;;;;;;;;;;;;;;;;;;;;;;;;;;;;;;;;;;;;;;;;;;;;;;;;;;;;;;;;;;;;;;;;;;;;;;;;
     95  f04d							;; Display VSYNC and VBLANK
     96  f04d							;;;;;;;;;;;;;;;;;;;;;;;;;;;;;;;;;;;;;;;;;;;;;;;;;;;;;;;;;;;;;;;;;;;;;;;;;;;;;;;
     97  f04d		       a9 02		      lda	#2
     98  f04f		       85 01		      sta	VBLANK	; turn on VBLANK
     99  f051		       85 00		      sta	VSYNC	; turn on VSYNC
    100  f053					      REPEAT	3
    101  f053		       85 02		      sta	WSYNC	; display 3 recommended lines of VSYNC
    100  f053					      REPEND
    101  f055		       85 02		      sta	WSYNC	; display 3 recommended lines of VSYNC
    100  f055					      REPEND
    101  f057		       85 02		      sta	WSYNC	; display 3 recommended lines of VSYNC
    102  f059					      REPEND
    103  f059		       a9 00		      lda	#0
    104  f05b
    105  f05b		       85 00		      sta	VSYNC	; turn off VSYNC
    106  f05d					      REPEAT	37
    107  f05d		       85 02		      sta	WSYNC	; display the 37 recommended lines of VBLANK
    106  f05d					      REPEND
    107  f05f		       85 02		      sta	WSYNC	; display the 37 recommended lines of VBLANK
    106  f05f					      REPEND
    107  f061		       85 02		      sta	WSYNC	; display the 37 recommended lines of VBLANK
    106  f061					      REPEND
    107  f063		       85 02		      sta	WSYNC	; display the 37 recommended lines of VBLANK
    106  f063					      REPEND
    107  f065		       85 02		      sta	WSYNC	; display the 37 recommended lines of VBLANK
    106  f065					      REPEND
    107  f067		       85 02		      sta	WSYNC	; display the 37 recommended lines of VBLANK
    106  f067					      REPEND
    107  f069		       85 02		      sta	WSYNC	; display the 37 recommended lines of VBLANK
    106  f069					      REPEND
    107  f06b		       85 02		      sta	WSYNC	; display the 37 recommended lines of VBLANK
    106  f06b					      REPEND
    107  f06d		       85 02		      sta	WSYNC	; display the 37 recommended lines of VBLANK
    106  f06d					      REPEND
    107  f06f		       85 02		      sta	WSYNC	; display the 37 recommended lines of VBLANK
    106  f06f					      REPEND
    107  f071		       85 02		      sta	WSYNC	; display the 37 recommended lines of VBLANK
    106  f071					      REPEND
    107  f073		       85 02		      sta	WSYNC	; display the 37 recommended lines of VBLANK
    106  f073					      REPEND
    107  f075		       85 02		      sta	WSYNC	; display the 37 recommended lines of VBLANK
    106  f075					      REPEND
    107  f077		       85 02		      sta	WSYNC	; display the 37 recommended lines of VBLANK
    106  f077					      REPEND
    107  f079		       85 02		      sta	WSYNC	; display the 37 recommended lines of VBLANK
    106  f079					      REPEND
    107  f07b		       85 02		      sta	WSYNC	; display the 37 recommended lines of VBLANK
    106  f07b					      REPEND
    107  f07d		       85 02		      sta	WSYNC	; display the 37 recommended lines of VBLANK
    106  f07d					      REPEND
    107  f07f		       85 02		      sta	WSYNC	; display the 37 recommended lines of VBLANK
    106  f07f					      REPEND
    107  f081		       85 02		      sta	WSYNC	; display the 37 recommended lines of VBLANK
    106  f081					      REPEND
    107  f083		       85 02		      sta	WSYNC	; display the 37 recommended lines of VBLANK
    106  f083					      REPEND
    107  f085		       85 02		      sta	WSYNC	; display the 37 recommended lines of VBLANK
    106  f085					      REPEND
    107  f087		       85 02		      sta	WSYNC	; display the 37 recommended lines of VBLANK
    106  f087					      REPEND
    107  f089		       85 02		      sta	WSYNC	; display the 37 recommended lines of VBLANK
    106  f089					      REPEND
    107  f08b		       85 02		      sta	WSYNC	; display the 37 recommended lines of VBLANK
    106  f08b					      REPEND
    107  f08d		       85 02		      sta	WSYNC	; display the 37 recommended lines of VBLANK
    106  f08d					      REPEND
    107  f08f		       85 02		      sta	WSYNC	; display the 37 recommended lines of VBLANK
    106  f08f					      REPEND
    107  f091		       85 02		      sta	WSYNC	; display the 37 recommended lines of VBLANK
    106  f091					      REPEND
    107  f093		       85 02		      sta	WSYNC	; display the 37 recommended lines of VBLANK
    106  f093					      REPEND
    107  f095		       85 02		      sta	WSYNC	; display the 37 recommended lines of VBLANK
    106  f095					      REPEND
    107  f097		       85 02		      sta	WSYNC	; display the 37 recommended lines of VBLANK
    106  f097					      REPEND
    107  f099		       85 02		      sta	WSYNC	; display the 37 recommended lines of VBLANK
    106  f099					      REPEND
    107  f09b		       85 02		      sta	WSYNC	; display the 37 recommended lines of VBLANK
    106  f09b					      REPEND
    107  f09d		       85 02		      sta	WSYNC	; display the 37 recommended lines of VBLANK
    106  f09d					      REPEND
    107  f09f		       85 02		      sta	WSYNC	; display the 37 recommended lines of VBLANK
    106  f09f					      REPEND
    107  f0a1		       85 02		      sta	WSYNC	; display the 37 recommended lines of VBLANK
    106  f0a1					      REPEND
    107  f0a3		       85 02		      sta	WSYNC	; display the 37 recommended lines of VBLANK
    106  f0a3					      REPEND
    107  f0a5		       85 02		      sta	WSYNC	; display the 37 recommended lines of VBLANK
    108  f0a7					      REPEND
    109  f0a7		       85 01		      sta	VBLANK	; turn off VBLANK
    110  f0a9
    111  f0a9							;;;;;;;;;;;;;;;;;;;;;;;;;;;;;;;;;;;;;;;;;;;;;;;;;;;;;;;;;;;;;;;;;;;;;;;;;;;;;;;
    112  f0a9							;; Display the 96 visible scanlines of our main game <because 2-line kernel>
    113  f0a9							;;;;;;;;;;;;;;;;;;;;;;;;;;;;;;;;;;;;;;;;;;;;;;;;;;;;;;;;;;;;;;;;;;;;;;;;;;;;;;;
    114  f0a9				   GameVisibleLine
    115  f0a9		       a9 84		      lda	#$84
    116  f0ab		       85 09		      sta	COLUBK	; set background/river color to blue
    117  f0ad		       a9 c2		      lda	#$C2
    118  f0af		       85 08		      sta	COLUPF	; set playfield/grass color to green
    119  f0b1		       a9 01		      lda	#%00000001
    120  f0b3		       85 0a		      sta	CTRLPF	; enable playfield reflection
    121  f0b5		       a9 f0		      lda	#$F0
    122  f0b7		       85 0d		      sta	PF0	; setting PF0 bit pattern
    123  f0b9		       a9 fc		      lda	#$FC
    124  f0bb		       85 0e		      sta	PF1	; setting PF1 bit pattern
    125  f0bd		       a9 00		      lda	#0
    126  f0bf		       85 0f		      sta	PF2	; setting PF2 bit pattern
    127  f0c1
    128  f0c1		       a2 60		      ldx	#96	; X counts the number of remaining scanlines
    129  f0c3				   .GameLineLoop		; inside GameVisibleLine label
    130  f0c3				   .AreWeInsideJetSprite		; check if should render sprite player0
    131  f0c3		       8a		      txa		; transfer X to A
    132  f0c4		       38		      sec		; make sure carry flag is set
    133  f0c5		       e5 81		      sbc	JetYPos	; subtract sprite Y coordinate
    134  f0c7		       c5 09		      cmp	JET_HEIGHT	; are we inside the sprite height bounds?
    135  f0c9		       90 02		      bcc	.DrawSpriteP0	; if result < SpriteHeight, call subroutine
    136  f0cb		       a9 00		      lda	#0	; else, set lookup index to 0
    137  f0cd				   .DrawSpriteP0
    138  f0cd		       18		      clc		; clears carry flag before addition
    139  f0ce		       65 8c		      adc	JetAnimOffset	; jumps to correct sprite frame in memory
    140  f0d0		       a8		      tay		; load Y so we can work with pointer
    141  f0d1		       b1 84		      lda	(JetSpritePtr),Y	; load player bitmap slice of data
    142  f0d3		       85 02		      sta	WSYNC	; wait for next scanline
    143  f0d5		       85 1b		      sta	GRP0	; set graphics for player 0
    144  f0d7		       b1 86		      lda	(JetColorPtr),Y	; load player color from lookup table
    145  f0d9		       85 06		      sta	COLUP0	; set color for player 0 slice
    146  f0db
    147  f0db				   .AreWeInsideBomberSprite		; check if should render sprite player1
    148  f0db		       8a		      txa		; transfer X to A
    149  f0dc		       38		      sec		; make sure carry flag is set
    150  f0dd		       e5 83		      sbc	BomberYPos	; subtract sprite Y coordinate
    151  f0df		       c5 09		      cmp	BOMBER_HEIGHT	; are we inside the sprite height bounds?
    152  f0e1		       90 02		      bcc	.DrawSpriteP1	; if result < SpriteHeight, call subroutine
    153  f0e3		       a9 00		      lda	#0	; else, set index to 0
    154  f0e5				   .DrawSpriteP1
    155  f0e5		       a8		      tay
    156  f0e6		       a9 05		      lda	#%0000101
    157  f0e8		       85 05		      sta	NUSIZ1	; stretch player1 sprite
    158  f0ea		       b1 88		      lda	(BomberSpritePtr),Y	; load player bitmap slice of data
    159  f0ec		       85 02		      sta	WSYNC	; wait for next scanline
    160  f0ee		       85 1c		      sta	GRP1	; set graphics for player 0
    161  f0f0		       b1 8a		      lda	(BomberColorPtr),Y	; load player color from lookup table
    162  f0f2		       85 07		      sta	COLUP1	; set color for player 0 slice
    163  f0f4
    164  f0f4		       ca		      dex		; X--
    165  f0f5		       d0 cc		      bne	.GameLineLoop	; repeat next main game scanline until finished
    166  f0f7
    167  f0f7		       a9 00		      lda	#0
    168  f0f9		       85 8c		      sta	JetAnimOffset	; reset jet animation frame to zero each frame
    169  f0fb
    170  f0fb							;sta WSYNC		   ; wait for final scanline
    171  f0fb
    172  f0fb							;;;;;;;;;;;;;;;;;;;;;;;;;;;;;;;;;;;;;;;;;;;;;;;;;;;;;;;;;;;;;;;;;;;;;;;;;;;;;;;
    173  f0fb							;; Display Overscan
    174  f0fb							;;;;;;;;;;;;;;;;;;;;;;;;;;;;;;;;;;;;;;;;;;;;;;;;;;;;;;;;;;;;;;;;;;;;;;;;;;;;;;;
    175  f0fb		       a9 02		      lda	#2
    176  f0fd		       85 01		      sta	VBLANK	; turn on VBLANK again
    177  f0ff					      REPEAT	30
    178  f0ff		       85 02		      sta	WSYNC	; display 30 recommended lines of VBlank Overscan
    177  f0ff					      REPEND
    178  f101		       85 02		      sta	WSYNC	; display 30 recommended lines of VBlank Overscan
    177  f101					      REPEND
    178  f103		       85 02		      sta	WSYNC	; display 30 recommended lines of VBlank Overscan
    177  f103					      REPEND
    178  f105		       85 02		      sta	WSYNC	; display 30 recommended lines of VBlank Overscan
    177  f105					      REPEND
    178  f107		       85 02		      sta	WSYNC	; display 30 recommended lines of VBlank Overscan
    177  f107					      REPEND
    178  f109		       85 02		      sta	WSYNC	; display 30 recommended lines of VBlank Overscan
    177  f109					      REPEND
    178  f10b		       85 02		      sta	WSYNC	; display 30 recommended lines of VBlank Overscan
    177  f10b					      REPEND
    178  f10d		       85 02		      sta	WSYNC	; display 30 recommended lines of VBlank Overscan
    177  f10d					      REPEND
    178  f10f		       85 02		      sta	WSYNC	; display 30 recommended lines of VBlank Overscan
    177  f10f					      REPEND
    178  f111		       85 02		      sta	WSYNC	; display 30 recommended lines of VBlank Overscan
    177  f111					      REPEND
    178  f113		       85 02		      sta	WSYNC	; display 30 recommended lines of VBlank Overscan
    177  f113					      REPEND
    178  f115		       85 02		      sta	WSYNC	; display 30 recommended lines of VBlank Overscan
    177  f115					      REPEND
    178  f117		       85 02		      sta	WSYNC	; display 30 recommended lines of VBlank Overscan
    177  f117					      REPEND
    178  f119		       85 02		      sta	WSYNC	; display 30 recommended lines of VBlank Overscan
    177  f119					      REPEND
    178  f11b		       85 02		      sta	WSYNC	; display 30 recommended lines of VBlank Overscan
    177  f11b					      REPEND
    178  f11d		       85 02		      sta	WSYNC	; display 30 recommended lines of VBlank Overscan
    177  f11d					      REPEND
    178  f11f		       85 02		      sta	WSYNC	; display 30 recommended lines of VBlank Overscan
    177  f11f					      REPEND
    178  f121		       85 02		      sta	WSYNC	; display 30 recommended lines of VBlank Overscan
    177  f121					      REPEND
    178  f123		       85 02		      sta	WSYNC	; display 30 recommended lines of VBlank Overscan
    177  f123					      REPEND
    178  f125		       85 02		      sta	WSYNC	; display 30 recommended lines of VBlank Overscan
    177  f125					      REPEND
    178  f127		       85 02		      sta	WSYNC	; display 30 recommended lines of VBlank Overscan
    177  f127					      REPEND
    178  f129		       85 02		      sta	WSYNC	; display 30 recommended lines of VBlank Overscan
    177  f129					      REPEND
    178  f12b		       85 02		      sta	WSYNC	; display 30 recommended lines of VBlank Overscan
    177  f12b					      REPEND
    178  f12d		       85 02		      sta	WSYNC	; display 30 recommended lines of VBlank Overscan
    177  f12d					      REPEND
    178  f12f		       85 02		      sta	WSYNC	; display 30 recommended lines of VBlank Overscan
    177  f12f					      REPEND
    178  f131		       85 02		      sta	WSYNC	; display 30 recommended lines of VBlank Overscan
    177  f131					      REPEND
    178  f133		       85 02		      sta	WSYNC	; display 30 recommended lines of VBlank Overscan
    177  f133					      REPEND
    178  f135		       85 02		      sta	WSYNC	; display 30 recommended lines of VBlank Overscan
    177  f135					      REPEND
    178  f137		       85 02		      sta	WSYNC	; display 30 recommended lines of VBlank Overscan
    177  f137					      REPEND
    178  f139		       85 02		      sta	WSYNC	; display 30 recommended lines of VBlank Overscan
    179  f13b					      REPEND
    180  f13b		       a9 00		      lda	#0
    181  f13d		       85 01		      sta	VBLANK	; turn off VBLANK
    182  f13f
    183  f13f							;;;;;;;;;;;;;;;;;;;;;;;;;;;;;;;;;;;;;;;;;;;;;;;;;;;;;;;;;;;;;;;;;;;;;;;;;;;;;;;
    184  f13f							;; Process joystick input for player0
    185  f13f							;;;;;;;;;;;;;;;;;;;;;;;;;;;;;;;;;;;;;;;;;;;;;;;;;;;;;;;;;;;;;;;;;;;;;;;;;;;;;;;
    186  f13f				   CheckP0Up
    187  f13f		       a9 10		      lda	#%00010000	; player0 joystick up
    188  f141		       2c 80 02 	      bit	SWCHA
    189  f144		       d0 06		      bne	CheckP0Down	; if bit pattern doesnt match, bypass Up block
    190  f146		       e6 81		      inc	JetYPos
    191  f148		       a9 00		      lda	#0
    192  f14a		       85 8c		      sta	JetAnimOffset	; reset sprite animation to first frame
    193  f14c
    194  f14c				   CheckP0Down
    195  f14c		       a9 20		      lda	#%00100000	; player0 joystick down
    196  f14e		       2c 80 02 	      bit	SWCHA
    197  f151		       d0 06		      bne	CheckP0Left	; if bit pattern doesnt match, bypass Down block
    198  f153		       c6 81		      dec	JetYPos
    199  f155		       a9 00		      lda	#0
    200  f157		       85 8c		      sta	JetAnimOffset	; reset sprite animation to first frame
    201  f159
    202  f159				   CheckP0Left
    203  f159		       a9 40		      lda	#%01000000	; player0 joystick left
    204  f15b		       2c 80 02 	      bit	SWCHA
    205  f15e		       d0 06		      bne	CheckP0Right	; if bit pattern doesnt match, bypass Left block
    206  f160		       c6 80		      dec	JetXPos
    207  f162		       a5 09		      lda	JET_HEIGHT	; 9
    208  f164		       85 8c		      sta	JetAnimOffset	; set animation offset to the second frame
    209  f166
    210  f166				   CheckP0Right
    211  f166		       a9 80		      lda	#%10000000	; player0 joystick right
    212  f168		       2c 80 02 	      bit	SWCHA
    213  f16b		       d0 06		      bne	EndInputCheck	; if bit pattern doesnt match, bypass Right block
    214  f16d		       e6 80		      inc	JetXPos
    215  f16f		       a5 09		      lda	JET_HEIGHT	; 9
    216  f171		       85 8c		      sta	JetAnimOffset	; set animation offset to the second frame
    217  f173
    218  f173				   EndInputCheck		; fallback when no input was performed
    219  f173
    220  f173							;;;;;;;;;;;;;;;;;;;;;;;;;;;;;;;;;;;;;;;;;;;;;;;;;;;;;;;;;;;;;;;;;;;;;;;;;;;;;;;
    221  f173							;; Loop back to start a brand new frame
    222  f173							;;;;;;;;;;;;;;;;;;;;;;;;;;;;;;;;;;;;;;;;;;;;;;;;;;;;;;;;;;;;;;;;;;;;;;;;;;;;;;;
    223  f173		       4c 3b f0 	      jmp	StartFrame	; continue to display the next frame
    224  f176
    225  f176							;;;;;;;;;;;;;;;;;;;;;;;;;;;;;;;;;;;;;;;;;;;;;;;;;;;;;;;;;;;;;;;;;;;;;;;;;;;;;;;
    226  f176							;; Subroutine to handle object horizontal position with fine offset
    227  f176							;;;;;;;;;;;;;;;;;;;;;;;;;;;;;;;;;;;;;;;;;;;;;;;;;;;;;;;;;;;;;;;;;;;;;;;;;;;;;;;
    228  f176							;; A is the target x-coordinate position in pixels of our object
    229  f176							;; Y is the object type (0:player0, 1:player1, 2:missile0, 3:missile1, 4:ball)
    230  f176							;;;;;;;;;;;;;;;;;;;;;;;;;;;;;;;;;;;;;;;;;;;;;;;;;;;;;;;;;;;;;;;;;;;;;;;;;;;;;;;
    231  f176				   SetObjectXPos subroutine
    232  f176		       85 02		      sta	WSYNC	; start a fresh new scanline
    233  f178		       38		      sec		; make sure carry-flag is set before subtraction
    234  f179				   .Div15Loop
    235  f179		       e9 0f		      sbc	#15	; subtract 15 from accumulator
    236  f17b		       b0 fc		      bcs	.Div15Loop	; loop until carry-flag is clear
    237  f17d		       49 07		      eor	#7	; handle offset range from -8 to 7
    238  f17f		       0a		      asl
    239  f180		       0a		      asl
    240  f181		       0a		      asl
    241  f182		       0a		      asl		; four shift lefts to get only the top 4 bits
    242  f183		       99 20 00 	      sta	HMP0,Y	; store the fine offset to the correct HMxx
    243  f186		       99 10 00 	      sta	RESP0,Y	; fix object position in 15-step increment
    244  f189		       60		      rts		; return to the memory address that called the subroutine
    245  f18a
    246  f18a							;;;;;;;;;;;;;;;;;;;;;;;;;;;;;;;;;;;;;;;;;;;;;;;;;;;;;;;;;;;;;;;;;;;;;;;;;;;;;;;
    247  f18a							;; Declare ROM lookup tables
    248  f18a							;;;;;;;;;;;;;;;;;;;;;;;;;;;;;;;;;;;;;;;;;;;;;;;;;;;;;;;;;;;;;;;;;;;;;;;;;;;;;;;
    249  f18a				   JetSprite
    250  f18a		       00		      .byte.b	#%00000000	;
    251  f18b		       14		      .byte.b	#%00010100	;   # #
    252  f18c		       7f		      .byte.b	#%01111111	; #######
    253  f18d		       3e		      .byte.b	#%00111110	;  #####
    254  f18e		       1c		      .byte.b	#%00011100	;   ###
    255  f18f		       1c		      .byte.b	#%00011100	;   ###
    256  f190		       08		      .byte.b	#%00001000	;    #
    257  f191		       08		      .byte.b	#%00001000	;    #
    258  f192		       08		      .byte.b	#%00001000	;    #
    259  f193
    260  f193				   JetSpriteTurn
    261  f193		       00		      .byte.b	#%00000000	;
    262  f194		       08		      .byte.b	#%00001000	;    #
    263  f195		       3e		      .byte.b	#%00111110	;  #####
    264  f196		       1c		      .byte.b	#%00011100	;   ###
    265  f197		       1c		      .byte.b	#%00011100	;   ###
    266  f198		       1c		      .byte.b	#%00011100	;   ###
    267  f199		       08		      .byte.b	#%00001000	;    #
    268  f19a		       08		      .byte.b	#%00001000	;    #
    269  f19b		       08		      .byte.b	#%00001000	;    #
    270  f19c
    271  f19c				   BomberSprite
    272  f19c		       00		      .byte.b	#%00000000	;
    273  f19d		       08		      .byte.b	#%00001000	;    #
    274  f19e		       08		      .byte.b	#%00001000	;    #
    275  f19f		       2a		      .byte.b	#%00101010	;  # # #
    276  f1a0		       3e		      .byte.b	#%00111110	;  #####
    277  f1a1		       7f		      .byte.b	#%01111111	; #######
    278  f1a2		       2a		      .byte.b	#%00101010	;  # # #
    279  f1a3		       08		      .byte.b	#%00001000	;    #
    280  f1a4		       1c		      .byte.b	#%00011100	;   ###
    281  f1a5
    282  f1a5				   JetColor
    283  f1a5		       00		      .byte.b	#$00
    284  f1a6		       fe		      .byte.b	#$FE
    285  f1a7		       0c		      .byte.b	#$0C
    286  f1a8		       0e		      .byte.b	#$0E
    287  f1a9		       0e		      .byte.b	#$0E
    288  f1aa		       04		      .byte.b	#$04
    289  f1ab		       ba		      .byte.b	#$BA
    290  f1ac		       0e		      .byte.b	#$0E
    291  f1ad		       08		      .byte.b	#$08
    292  f1ae
    293  f1ae				   JetColorTurn
    294  f1ae		       00		      .byte.b	#$00
    295  f1af		       fe		      .byte.b	#$FE
    296  f1b0		       0c		      .byte.b	#$0C
    297  f1b1		       0e		      .byte.b	#$0E
    298  f1b2		       0e		      .byte.b	#$0E
    299  f1b3		       04		      .byte.b	#$04
    300  f1b4		       0e		      .byte.b	#$0E
    301  f1b5		       0e		      .byte.b	#$0E
    302  f1b6		       08		      .byte.b	#$08
    303  f1b7
    304  f1b7				   BomberColor
    305  f1b7		       00		      .byte.b	#$00
    306  f1b8		       32		      .byte.b	#$32
    307  f1b9		       32		      .byte.b	#$32
    308  f1ba		       0e		      .byte.b	#$0E
    309  f1bb		       40		      .byte.b	#$40
    310  f1bc		       40		      .byte.b	#$40
    311  f1bd		       40		      .byte.b	#$40
    312  f1be		       40		      .byte.b	#$40
    313  f1bf		       40		      .byte.b	#$40
    314  f1c0
    315  f1c0							;;;;;;;;;;;;;;;;;;;;;;;;;;;;;;;;;;;;;;;;;;;;;;;;;;;;;;;;;;;;;;;;;;;;;;;;;;;;;;;
    316  f1c0							;; Complete ROM size with exactly 4KB
    317  f1c0							;;;;;;;;;;;;;;;;;;;;;;;;;;;;;;;;;;;;;;;;;;;;;;;;;;;;;;;;;;;;;;;;;;;;;;;;;;;;;;;
    318  fffc					      org	$FFFC	; move to position $FFFC
    319  fffc		       00 f0		      word.w	Reset	; write 2 bytes with the program reset address
    320  fffe		       00 f0		      word.w	Reset	; write 2 bytes with the interruption vector
